// Jest Snapshot v1, https://goo.gl/fbAQLP

exports[`GoogleProfileData should match the snapshot 1`] = `
.c0 {
  max-height: 100px;
}

.c1 {
  border-radius: 1.5625rem;
  margin-right: 1rem;
  max-width: 3.125rem;
}

<div
  class="c0"
>
  <img
    alt="profile pic"
    class="c1"
    id="profile-pic-sm"
    referrerpolicy="no-referrer"
    src="/public/imgs/m_bee.jpg"
  />
  <span />
</div>
`;
